══════════════════════════════════════════════════════
  Fe-Cr Elastic Constants Grid
  17 compositions × 9 SCFs = 153 calculations
  Started: Thu Apr 23 15:53:00 CEST 2026
══════════════════════════════════════════════════════

══════════════════════════════════════════════════════
  COMPOSITION: Fe16Cr0 (x_Cr = 0, SA = 5.646900 Å)
  Progress: 0/153 calculations done
══════════════════════════════════════════════════════
  [fe16cr00] Hydrostatic...
    ε=-0.01: P=-851.47 kbar [1/153, ~5624.0 min remaining]
    ε=0.00: P=-909.01 kbar [2/153, ~5889.0 min remaining]
    ε=0.01: P=-942.87 kbar [3/153, ~5850.0 min remaining]
  [fe16cr00] Tetragonal...
    ε=-0.01: Δσ=24.1800 kbar [4/153, ~7554.3 min remaining]
    ε=0.00: Δσ=0.0000 kbar [5/153, ~7222.4 min remaining]
    ε=0.01: Δσ=-26.0200 kbar [6/153, ~7938.0 min remaining]
  [fe16cr00] Shear...
    ε=-0.01: σ12=25.16 kbar [7/153, ~9212.6 min remaining]
    ε=0.00: σ12=0.00 kbar [8/153, ~8743.5 min remaining]
    ε=0.01: σ12=-25.07 kbar [9/153, ~9417.6 min remaining]
  [fe16cr00] ✓ Complete (E=-5267.28822469 Ry, μ=33.63 μB)

══════════════════════════════════════════════════════
  COMPOSITION: Fe15Cr1 (x_Cr = .0625, SA = 5.647719 Å)
  Progress: 9/153 calculations done
══════════════════════════════════════════════════════
  [fe15cr01] Hydrostatic...
    ε=-0.01: P=-781.12 kbar [10/153, ~9123.4 min remaining]
    ε=0.00: P=-827.03 kbar [11/153, ~8917.6 min remaining]
    ε=0.01: P=-864.44 kbar [12/153, ~8756.1 min remaining]
  [fe15cr01] Tetragonal...
    ε=-0.01: Δσ=21.1800 kbar [13/153, ~9184.0 min remaining]
    ε=0.00: Δσ=0.0000 kbar [14/153, ~8993.3 min remaining]
    ε=0.01: Δσ=-23.2700 kbar [15/153, ~9411.6 min remaining]
  [fe15cr01] Shear...
    ε=-0.01: σ12=27.35 kbar [16/153, ~10014.7 min remaining]
    ε=0.00: σ12=0.00 kbar [17/153, ~9792.0 min remaining]
    ε=0.01: σ12=-27.34 kbar [18/153, ~10300.5 min remaining]
  [fe15cr01] ✓ Complete (E=-5186.30021567 Ry, μ=30.95 μB)

══════════════════════════════════════════════════════
  COMPOSITION: Fe14Cr2 (x_Cr = .1250, SA = 5.648537 Å)
  Progress: 18/153 calculations done
══════════════════════════════════════════════════════
  [fe14cr02] Hydrostatic...
    ε=-0.01: P=-721.62 kbar [19/153, ~10076.8 min remaining]
    ε=0.00: P=-765.71 kbar [20/153, ~9908.5 min remaining]
    ε=0.01: P=-804.12 kbar [21/153, ~9754.8 min remaining]
  [fe14cr02] Tetragonal...
    ε=-0.01: Δσ=20.0500 kbar [22/153, ~10047.7 min remaining]
    ε=0.00: Δσ=0.0000 kbar [23/153, ~9880.0 min remaining]
    ε=0.01: Δσ=-22.4200 kbar [24/153, ~10087.8 min remaining]
  [fe14cr02] Shear...
    ε=-0.01: σ12=28.04 kbar [25/153, ~10508.8 min remaining]
    ε=0.00: σ12=0.00 kbar [26/153, ~10325.1 min remaining]
    ε=0.01: σ12=-28.05 kbar [27/153, ~10634.4 min remaining]
  [fe14cr02] ✓ Complete (E=-5105.28197104 Ry, μ=27.32 μB)

══════════════════════════════════════════════════════
  COMPOSITION: Fe13Cr3 (x_Cr = .1875, SA = 5.649356 Å)
  Progress: 27/153 calculations done
══════════════════════════════════════════════════════
  [fe13cr03] Hydrostatic...
    ε=-0.01: P=-666.13 kbar [28/153, ~10737.5 min remaining]
    ε=0.00: P=-709.16 kbar [29/153, ~10936.8 min remaining]
    ε=0.01: P=-749.03 kbar [30/153, ~11082.3 min remaining]
  [fe13cr03] Tetragonal...
    ε=-0.01: Δσ=-4.3400 kbar [31/153, ~11760.8 min remaining]
    ε=0.00: Δσ=-22.7600 kbar [32/153, ~11870.1 min remaining]
    ε=0.01: Δσ=-40.1300 kbar [33/153, ~12408.0 min remaining]
  [fe13cr03] Shear...
    ε=-0.01: σ12=29.18 kbar [34/153, ~13090.0 min remaining]
    ε=0.00: σ12=0.00 kbar [35/153, ~13109.8 min remaining]
    ε=0.01: σ12=-29.18 kbar [36/153, ~13653.9 min remaining]
  [fe13cr03] ✓ Complete (E=-5024.27219146 Ry, μ=23.93 μB)

══════════════════════════════════════════════════════
  COMPOSITION: Fe12Cr4 (x_Cr = .2500, SA = 5.650175 Å)
  Progress: 36/153 calculations done
══════════════════════════════════════════════════════
  [fe12cr04] Hydrostatic...
    ε=-0.01: P=-621.51 kbar [37/153, ~13595.2 min remaining]
    ε=0.00: P=-665.48 kbar [38/153, ~13570.0 min remaining]
    ε=0.01: P=-705.50 kbar [39/153, ~13497.6 min remaining]
  [fe12cr04] Tetragonal...
    ε=-0.01: Δσ=-4.2500 kbar [40/153, ~13808.6 min remaining]
    ε=0.00: Δσ=-19.3500 kbar [41/153, ~13753.6 min remaining]
    ε=0.01: Δσ=-35.6400 kbar [42/153, ~14230.2 min remaining]
  [fe12cr04] Shear...
    ε=-0.01: σ12=28.33 kbar [43/153, ~14784.0 min remaining]
